[photographers.framer.website/index.html]
[backblue.gif]
[fade.gif]
[index.html]
[framerusercontent.com/images/63O06jUYglxWyJMsFIySIwBFASo.png]
[framerusercontent.com/images/bKF5xIcVh7QIgflSpV7v5ouQTI.jpg]
[framerusercontent.com/images/FckyL3tMi0QMkjvlQZRbiGVnrE.png]
[framerusercontent.com/images/q6qe4LPSHLdwoZ9xcHGotiTCSGc.jpg]
[photographers.framer.website/contact.html]
[photographers.framer.website/about.html]
[photographers.framer.website/albums/streets-of-india.html]
[framerusercontent.com/images/5oEpolV7wG22c2YDpqXNmJJHEgbf23.jpg]
[photographers.framer.website/albums/echoes-of-dreams.html]
[framerusercontent.com/images/o6JzSEiWaSd8InAzony8lSGaAHEbf23.jpg]
[photographers.framer.website/albums/wings-of-freedom.html]
[framerusercontent.com/images/RdMfhYFRM50bK7ykKkz5dSoK04Ubf23.jpg]
[photographers.framer.website/albums/crafted-perfection.html]
[framerusercontent.com/images/88NV2TZ1Bm673n68A7L0FrulUM.jpg]
[photographers.framer.website/albums/wild-wonders.html]
[framerusercontent.com/images/1zLGWCJDsVCVWhaOJlyvJWLUbf23.jpg]
[framerusercontent.com/images/QYuVqRAxUi0MftDQcaQd3I9e76Ebf23.jpg]
[framerusercontent.com/images/aiel3WtTgXPAKPqTLdFFaO8JNEAbf23.jpg]
[framerusercontent.com/images/MJs0yMA8eL0lMKdn787qmQJy8bf23.jpg]
[framerusercontent.com/images/9V3jYmjzIjUhJVkMIMsNC9zBIcbf23.jpg]
[framerusercontent.com/images/IQSjFA4Ib4n0oYbLbdzOcyLNoc.png]
[framerusercontent.com/images/lyybXyxksCLXHQiYzPxvVNCP0w.png]
[framerusercontent.com/images/a3sbnC4UAnsmxN1dQDA7reipn4.png]
[framerusercontent.com/images/IWc4AmoN2WHJmPsYV3flu7I9ec.png]
[photographers.framer.website/reviews.html]
[photographers.framer.website/blog/elevate-your-photos-with-my-signature-color-grading-presets.html]
[framerusercontent.com/images/YYqcyNO3yF1eW3P9o6HWDXYXUnAbf23.jpg]
[photographers.framer.website/blog/the-art-of-candid-photography-capturing-moments-naturally.html]
[framerusercontent.com/images/V5fvLZLQdm84a0PM01b9g0wFaIc.png]
[photographers.framer.website/blog/capturing-the-magic-of-golden-hour-a-photographer-s-guide.html]
[framerusercontent.com/images/MPgTxIKOaatjst2VukRZUANblO0bf23.jpg]
[photographers.framer.website/blog.html]
[photographers.framer.website/albums.html]
[framerusercontent.com/images/ILWmxYp9ZPgSfrZrsJkMC6oTsEbf23.jpg]
[photographers.framer.website/index.html]
[photographers.framer.website/contact.html]
[framerusercontent.com/images/y5ua6kt38E2jmfilW3uFhlzVPiobf23.jpg]
[framerusercontent.com/images/VnwD1MTZjQzM6ulzcuSc4Mp68tMbf23.jpg]
[framerusercontent.com/images/4iUrWWv7CAxK6Uy73hlsQp7OAbf23.jpg]
[framerusercontent.com/images/ZrFf4uKrKE1wIU6EOdvaWrUbf23.jpg]
[framerusercontent.com/images/3wfV5HMvOEiZcxRTtJIKb5C8IIbf23.jpg]
[framerusercontent.com/images/oAep9Ode65lcGC8hZKUriSGVLm4bf23.jpg]
[framerusercontent.com/images/bkmAR8qYz0jHqIKdg83pfr94xtUbf23.jpg]
[framerusercontent.com/images/nZ1c0MwBMGT15n3lNcxvgcbMJ20bf23.jpg]
[framerusercontent.com/images/h269E6vCwLkaTXtrj4iVMpHd3OIbf23.jpg]
[framerusercontent.com/images/kifpjrfoyNVLn0EwaqeALh834bf23.jpg]
[photographers.framer.website/about.html]
[framerusercontent.com/images/VnhetiWvjl849x75WOKalf0BTM9ae5.jpg]
[framerusercontent.com/images/LOjSg2cvKYbgtdIMyWCD8a3JyE9ae5.jpg]
[framerusercontent.com/images/N8ilAu7pgA4nRuG6TCyfOiNkLE9ae5.jpg]
[framerusercontent.com/images/vbinVTnSbZOWCdQKPIIhPWFgkDk9ae5.jpg]
[framerusercontent.com/images/3O3nkQ1o9842GeWZF52l6hO0pJI9ae5.jpg]
[framerusercontent.com/images/rR5OcTHr8858Q9HkEAsFL761W09ae5.jpg]
[framerusercontent.com/images/sIKWyv0UkJSmJ4dhVQo1TDXtfY9ae5.jpg]
[framerusercontent.com/images/nyx6gRNWnFZJEeBou4cNyEqnyA9ae5.jpg]
[framerusercontent.com/images/Ol1wJZIlwjpXEiFVVLxDKuz2FnY9ae5.jpg]
[photographers.framer.website/albums/streets-of-india.html]
[framerusercontent.com/images/RGoYn5jw2FGJQbSkxu5EBWRCOy09ae5.jpg]
[framerusercontent.com/images/h269E6vCwLkaTXtrj4iVMpHd3OI9ae5.jpg]
[framerusercontent.com/images/bkmAR8qYz0jHqIKdg83pfr94xtU9ae5.jpg]
[framerusercontent.com/images/4HwA4yi7efWeHnexQK570WFBYQ9ae5.jpg]
[framerusercontent.com/images/VGLhKVOt4YYy8TmyAfNouR63cfM9ae5.jpg]
[photographers.framer.website/albums/echoes-of-dreams.html]
[framerusercontent.com/images/i7IKBcw3t0EMxF2V8yIA1a0PWJ09ae5.jpg]
[framerusercontent.com/images/GULsvdHuvh21sbfYutecvtQhQU9ae5.jpg]
[framerusercontent.com/images/3YTwH5f82ArW5AGDTCtj23JdkTk9ae5.jpg]
[framerusercontent.com/images/Vs4g3S99hvJqLQWalUKxxJC0cM9ae5.jpg]
[framerusercontent.com/images/G8IVoy65HFUQxJFjL5Rvmnalc09ae5.jpg]
[framerusercontent.com/images/rEUWOmL5fxrSiwthgsIuS5YDRpU9ae5.jpg]
[framerusercontent.com/images/MArmmFKegdBmNMF9dMQsB7ODT49ae5.jpg]
[photographers.framer.website/albums/wings-of-freedom.html]
[framerusercontent.com/images/MJs0yMA8eL0lMKdn787qmQJy89ae5.jpg]
[framerusercontent.com/images/drznN1G8IZ1cjKkDNk40ZgeCk9ae5.jpg]
[framerusercontent.com/images/WyiF8ZwJisYL2UcOAvVPtj2Qcc9ae5.jpg]
[framerusercontent.com/images/2szrBbL7kfvfdWfNn5iXTLOcYWI9ae5.jpg]
[framerusercontent.com/images/MFNueq0xctiWaEBvZenvDoYJlU9ae5.jpg]
[framerusercontent.com/images/GaJ4qTWR9vmpoeoFpT2Og7i744I9ae5.jpg]
[framerusercontent.com/images/prfW1MN2EJOTQvGHb93kvk0p7d09ae5.jpg]
[photographers.framer.website/albums/crafted-perfection.html]
[framerusercontent.com/images/5Vs71hyLc39qRCFLWC9tXCI9Mc9ae5.jpg]
[framerusercontent.com/images/h8iRGTaXs7AhqnwYW22cMUQUHtI9ae5.jpg]
[framerusercontent.com/images/ej5M7zkc4pTNg9B7GDT2xXyl8ig9ae5.jpg]
[framerusercontent.com/images/dZQojve9PkuVv3cJOOb4mA3gUqo9ae5.jpg]
[framerusercontent.com/images/0Vnwa2DSSAme8NZrJurw1iXrdg9ae5.jpg]
[framerusercontent.com/images/kN3NAtwjhH4HkQKGFlOaHnnsA9ae5.jpg]
[framerusercontent.com/images/mykM0Wdu1FwU5OJIU62KTkHZ8OM9ae5.jpg]
[photographers.framer.website/albums/wild-wonders.html]
[framerusercontent.com/images/Y7xGl21aQgHVU4UiWLBvVfD1dU17f5.jpg]
[framerusercontent.com/images/r53Lrwik95kpTCKNgNFiZ7O6rR817f5.jpg]
[framerusercontent.com/images/UuDV301wreukIOoiG9FJlXjv0gg17f5.jpg]
[framerusercontent.com/images/w2hyXovpoCcfHZkjR4Hmr53RA5o17f5.jpg]
[framerusercontent.com/images/F8ur4MxzltB6kcNMHbY8uVKQbg.jpg]
[framerusercontent.com/images/KuIBzI0VbhnNU4FBscAHrIRO2DQ.jpg]
[framerusercontent.com/images/Z4kmYBAi7pNNnGeW41ZiDk92B9c.jpg]
[framerusercontent.com/images/FcgfqfA0SqTQarBmr06rDwvN54.jpg]
[framerusercontent.com/images/8HV18CpxFcbG11CdHQ8r0Ztsg.jpg]
[framerusercontent.com/images/JX7OrmwnRJGl4xxKetHfPfGlM.jpg]
[framerusercontent.com/images/44I6lVCGXuIxvmyUtUdxX1W5jDs.jpg]
[framerusercontent.com/images/BsYyDC468zaKcFPgn4YkwYXNrA.jpg]
[photographers.framer.website/reviews.html]
[framerusercontent.com/images/Mh82cbLbAYyKGZcIjJBRU6lKSQ.png]
[framerusercontent.com/images/qpI039b6meQ9SBlypLA84LzdCY.png]
[framerusercontent.com/images/b4BrQiCQw9GGsDJ5Fi7Qo1pfOkw.png]
[framerusercontent.com/images/iXdX1IjmHO7rD5M9ZUtjgbMiI.png]
[photographers.framer.website/blog/how-to-attract-and-retain-photography-clients.html]
[framerusercontent.com/images/1c3AVCpY5CrM7D79tNCeNjjF8A.jpg]
[photographers.framer.website/blog/essential-resources-for-aspiring-photographers.html]
[framerusercontent.com/images/KreBrACu93GD7VswmoSr3061RIU.jpg]
[photographers.framer.website/blog/elevate-your-photos-with-my-signature-color-grading-presets.html]
[photographers.framer.website/blog/the-art-of-candid-photography-capturing-moments-naturally.html]
[photographers.framer.website/blog/capturing-the-magic-of-golden-hour-a-photographer-s-guide.html]
[photographers.framer.website/blog/unveiling-the-art-of-portrait-photography.html]
[framerusercontent.com/images/6XTjMUGVDf9PtfLfqeGGFTEBaU.jpg]
[photographers.framer.website/blog/a-travel-photography-adventure.html]
[framerusercontent.com/images/FLyNgTUcQILl0dch4nw1XLWRkqQ.jpg]
[photographers.framer.website/blog/5-tips-for-capturing-stunning-landscape-photography.html]
[framerusercontent.com/images/gEXBiYpzoxoCDfRNQSFbo7VPg0bf23.jpg]
[photographers.framer.website/blog.html]
[photographers.framer.website/albums.html]
[photographers.framer.website/blog/how-to-attract-and-retain-photography-clients.html]
[photographers.framer.website/blog/essential-resources-for-aspiring-photographers.html]
[photographers.framer.website/blog/unveiling-the-art-of-portrait-photography.html]
[photographers.framer.website/videos.html]
[photographers.framer.website/blog/a-travel-photography-adventure.html]
[photographers.framer.website/blog/5-tips-for-capturing-stunning-landscape-photography.html]
[photographers.framer.website/videos.html]
